// Vitest Snapshot v1, https://vitest.dev/guide/snapshot.html

exports[`TextField > render label and input correctly 1`] = `
"<div class=\\"mb-8\\" type=\\"text\\"><label for=\\"name\\" class=\\"sr-only\\">Name</label>
  <div class=\\"relative\\"><input type=\\"text\\" class=\\"h-14 bg-zinc-100 hover:bg-zinc-200 rounded-t-md block w-full p-2.5 placeholder-transparent placeholder-gray-400 focus:outline-none border-b focus:bg-[#D6D6D6]\\"><label for=\\"name\\" class=\\"absolute left-3 transition-all text-neutral-950 text-xs -translate-y-3 top-3 text-gray-600\\">Name</label></div>
  <!--v-if-->
</div>"
`;
